// Jest Snapshot v1, https://goo.gl/fbAQLP

exports[`Screens/Home should match snapshot 1`] = `
<View
  style={
    Array [
      Object {
        "alignItems": "center",
        "backgroundColor": "#030009",
        "flexBasis": 0,
        "flexGrow": 1,
        "flexShrink": 1,
        "justifyContent": "center",
      },
    ]
  }
>
  <Text
    style={
      Array [
        Object {
          "color": "#FFF",
        },
      ]
    }
  >
    Home
  </Text>
</View>
`
